2026-06-15 14:48:41,482 | INFO | ============================================================
2026-06-15 14:48:41,484 | INFO | STEP 4 - FONDAMENTAUX
2026-06-15 14:48:41,484 | INFO | ============================================================
2026-06-15 14:48:41,487 | INFO | [1/161] SENEA
2026-06-15 14:48:44,926 | INFO | [2/161] AKTS
2026-06-15 14:48:45,909 | INFO | [3/161] ACDC
2026-06-15 14:48:47,005 | INFO | [4/161] GLUE
2026-06-15 14:48:47,793 | INFO | [5/161] ASYS
2026-06-15 14:48:48,810 | INFO | [6/161] SVCO
2026-06-15 14:48:49,654 | INFO | [7/161] CMPS
2026-06-15 14:48:50,444 | INFO | [8/161] AEVA
2026-06-15 14:48:51,258 | INFO | [9/161] TYRA
2026-06-15 14:48:52,098 | INFO | [10/161] CGEM
2026-06-15 14:48:52,976 | INFO | [11/161] CDNL
2026-06-15 14:48:53,773 | INFO | [12/161] AMLX
2026-06-15 14:48:54,831 | INFO | [13/161] ABSI
2026-06-15 14:48:55,615 | INFO | [14/161] DSGN
2026-06-15 14:48:56,657 | INFO | [15/161] HCSG
2026-06-15 14:48:57,456 | INFO | [16/161] LILAK
2026-06-15 14:48:58,247 | INFO | [17/161] CAPR
2026-06-15 14:48:59,085 | INFO | [18/161] ULCC
2026-06-15 14:48:59,931 | INFO | [19/161] HLIT
2026-06-15 14:49:00,920 | INFO | [20/161] BLMN
2026-06-15 14:49:01,963 | INFO | [21/161] HELE
2026-06-15 14:49:02,717 | INFO | [22/161] KYTX
2026-06-15 14:49:03,468 | INFO | [23/161] TSHA
2026-06-15 14:49:04,253 | INFO | [24/161] ADAM
2026-06-15 14:49:05,253 | INFO | [25/161] SNDX
2026-06-15 14:49:06,462 | INFO | [26/161] PERI
2026-06-15 14:49:07,462 | INFO | [27/161] HTZ
2026-06-15 14:49:08,553 | INFO | [28/161] EZPW
2026-06-15 14:49:09,529 | INFO | [29/161] BAND
2026-06-15 14:49:10,593 | INFO | [30/161] WLTH
2026-06-15 14:49:11,441 | INFO | [31/161] IART
2026-06-15 14:49:12,468 | INFO | [32/161] HOPE
2026-06-15 14:49:13,415 | INFO | [33/161] INVA
2026-06-15 14:49:14,527 | INFO | [34/161] LMRI
2026-06-15 14:49:15,433 | INFO | [35/161] CFFN
2026-06-15 14:49:16,416 | INFO | [36/161] HBNC
2026-06-15 14:49:17,427 | INFO | [37/161] ZD
2026-06-15 14:49:18,482 | INFO | [38/161] PRAA
2026-06-15 14:49:19,754 | INFO | [39/161] OCFC
2026-06-15 14:49:20,725 | INFO | [40/161] CEVA
2026-06-15 14:49:21,776 | INFO | [41/161] STGW
2026-06-15 14:49:22,805 | INFO | [42/161] VIR
2026-06-15 14:49:23,748 | INFO | [43/161] OCSL
2026-06-15 14:49:24,523 | INFO | [44/161] AVO
2026-06-15 14:49:25,559 | INFO | [45/161] GPRE
2026-06-15 14:49:26,561 | INFO | [46/161] JBLU
2026-06-15 14:49:27,940 | INFO | [47/161] CSWC
2026-06-15 14:49:28,858 | INFO | [48/161] ADTN
2026-06-15 14:49:29,886 | INFO | [49/161] FDMT
2026-06-15 14:49:30,748 | INFO | [50/161] TRIN
2026-06-15 14:49:31,977 | INFO | [51/161] ILPT
2026-06-15 14:49:32,999 | INFO | [52/161] SVRA
2026-06-15 14:49:34,029 | INFO | [53/161] CGNT
2026-06-15 14:49:35,121 | INFO | [54/161] ZYME
2026-06-15 14:49:36,126 | INFO | [55/161] FLYW
2026-06-15 14:49:37,140 | INFO | [56/161] GSIT
2026-06-15 14:49:38,052 | INFO | [57/161] ABCL
2026-06-15 14:49:39,095 | INFO | [58/161] MRTN
2026-06-15 14:49:40,237 | INFO | [59/161] HTLD
2026-06-15 14:49:41,187 | INFO | [60/161] LYTS
2026-06-15 14:49:42,344 | INFO | [61/161] MFIC
2026-06-15 14:49:43,554 | INFO | [62/161] SLDB
2026-06-15 14:49:44,715 | INFO | [63/161] NEOG
2026-06-15 14:49:45,721 | INFO | [64/161] NVAX
2026-06-15 14:49:46,674 | INFO | [65/161] FTRE
2026-06-15 14:49:47,573 | INFO | [66/161] GILT
2026-06-15 14:49:48,587 | INFO | [67/161] ZVRA
2026-06-15 14:49:49,605 | INFO | [68/161] RXT
2026-06-15 14:49:50,575 | INFO | [69/161] GENB
2026-06-15 14:49:51,415 | INFO | [70/161] MBX
2026-06-15 14:49:52,392 | INFO | [71/161] CRSR
2026-06-15 14:49:53,400 | INFO | [72/161] LIFE
2026-06-15 14:49:54,254 | INFO | [73/161] TBN
2026-06-15 14:49:55,440 | INFO | [74/161] OEC
2026-06-15 14:49:56,411 | INFO | [75/161] NAT
2026-06-15 14:49:57,422 | INFO | [76/161] OFRM
2026-06-15 14:49:58,360 | INFO | [77/161] LAR
2026-06-15 14:49:59,354 | INFO | [78/161] WBI
2026-06-15 14:50:00,193 | INFO | [79/161] NEXA
2026-06-15 14:50:01,287 | INFO | [80/161] EPC
2026-06-15 14:50:02,326 | INFO | [81/161] DBI
2026-06-15 14:50:03,314 | INFO | [82/161] LXU
2026-06-15 14:50:04,345 | INFO | [83/161] ASC
2026-06-15 14:50:05,322 | INFO | [84/161] OXM
2026-06-15 14:50:06,561 | INFO | [85/161] TROX
2026-06-15 14:50:07,810 | INFO | [86/161] ASPN
2026-06-15 14:50:08,670 | INFO | [87/161] CRI
2026-06-15 14:50:09,527 | INFO | [88/161] BOBS
2026-06-15 14:50:10,289 | INFO | [89/161] SFL
2026-06-15 14:50:11,104 | INFO | [90/161] PEB
2026-06-15 14:50:11,939 | INFO | [91/161] MUX
2026-06-15 14:50:12,738 | INFO | [92/161] ECAT
2026-06-15 14:50:13,506 | INFO | [93/161] VIA
2026-06-15 14:50:14,246 | INFO | [94/161] NPKI
2026-06-15 14:50:15,268 | INFO | [95/161] CODI
2026-06-15 14:50:16,208 | INFO | [96/161] GSBD
2026-06-15 14:50:17,432 | INFO | [97/161] DOLE
2026-06-15 14:50:18,225 | INFO | [98/161] RES
2026-06-15 14:50:19,064 | INFO | [99/161] GBX
2026-06-15 14:50:19,883 | INFO | [100/161] AMBQ
2026-06-15 14:50:20,717 | INFO | [101/161] FCF
2026-06-15 14:50:21,517 | INFO | [102/161] SXC
2026-06-15 14:50:22,330 | INFO | [103/161] CLDT
2026-06-15 14:50:23,165 | INFO | [104/161] MFA
2026-06-15 14:50:23,956 | INFO | [105/161] RWT
2026-06-15 14:50:24,733 | INFO | [106/161] GPRK
2026-06-15 14:50:25,614 | INFO | [107/161] RQI
2026-06-15 14:50:26,358 | INFO | [108/161] ECVT
2026-06-15 14:50:27,160 | INFO | [109/161] XHR
2026-06-15 14:50:28,007 | INFO | [110/161] NTST
2026-06-15 14:50:28,820 | INFO | [111/161] TDAY
2026-06-15 14:50:29,643 | INFO | [112/161] BTX
2026-06-15 14:50:30,378 | INFO | [113/161] WKC
2026-06-15 14:50:31,156 | INFO | [114/161] AOD
2026-06-15 14:50:31,878 | INFO | [115/161] DEC
2026-06-15 14:50:32,740 | INFO | [116/161] ARCO
2026-06-15 14:50:34,158 | INFO | [117/161] MEC
2026-06-15 14:50:34,974 | INFO | [118/161] BDJ
2026-06-15 14:50:35,756 | INFO | [119/161] MD
2026-06-15 14:50:36,623 | INFO | [120/161] BCAT
2026-06-15 14:50:37,399 | INFO | [121/161] RLJ
2026-06-15 14:50:38,217 | INFO | [122/161] NMZ
2026-06-15 14:50:38,997 | INFO | [123/161] EFC
2026-06-15 14:50:39,723 | INFO | [124/161] BRSP
2026-06-15 14:50:40,643 | INFO | [125/161] CIM
2026-06-15 14:50:41,443 | INFO | [126/161] EGY
2026-06-15 14:50:42,250 | INFO | [127/161] TWO
2026-06-15 14:50:43,017 | INFO | [128/161] FLOC
2026-06-15 14:50:43,983 | INFO | [129/161] AMN
2026-06-15 14:50:44,840 | INFO | [130/161] KW
2026-06-15 14:50:45,609 | INFO | [131/161] OIS
2026-06-15 14:50:46,398 | INFO | [132/161] SNDA
2026-06-15 14:50:47,244 | INFO | [133/161] HLX
2026-06-15 14:50:48,106 | INFO | [134/161] KODK
2026-06-15 14:50:48,937 | INFO | [135/161] AGRO
2026-06-15 14:50:49,766 | INFO | [136/161] ARI
2026-06-15 14:50:50,528 | INFO | [137/161] NAC
2026-06-15 14:50:51,237 | INFO | [138/161] TTI
2026-06-15 14:50:52,028 | INFO | [139/161] JFR
2026-06-15 14:50:52,813 | INFO | [140/161] VET
2026-06-15 14:50:53,614 | INFO | [141/161] KRP
2026-06-15 14:50:54,493 | INFO | [142/161] CAL
2026-06-15 14:50:55,381 | INFO | [143/161] LEG
2026-06-15 14:50:56,238 | INFO | [144/161] IVR
2026-06-15 14:50:57,113 | INFO | [145/161] SG
2026-06-15 14:50:58,004 | INFO | [146/161] VSTS
2026-06-15 14:50:58,783 | INFO | [147/161] HLF
2026-06-15 14:50:59,796 | INFO | [148/161] ORC
2026-06-15 14:51:00,568 | INFO | [149/161] VPG
2026-06-15 14:51:01,441 | INFO | [150/161] INN
2026-06-15 14:51:02,267 | INFO | [151/161] IIPR
2026-06-15 14:51:03,341 | INFO | [152/161] BFLY
2026-06-15 14:51:04,173 | INFO | [153/161] RVI
2026-06-15 14:51:04,868 | INFO | [154/161] EVC
2026-06-15 14:51:05,672 | INFO | [155/161] GEL
2026-06-15 14:51:06,610 | INFO | [156/161] UAMY
2026-06-15 14:51:07,440 | INFO | [157/161] BNED
2026-06-15 14:51:08,210 | INFO | [158/161] SPH
2026-06-15 14:51:09,013 | INFO | [159/161] SPIR
2026-06-15 14:51:09,811 | INFO | [160/161] BKSY
2026-06-15 14:51:10,655 | INFO | [161/161] DXYZ
2026-06-15 14:51:11,589 | INFO | Fondamentaux sauvegardes : 161 tickers
2026-06-15 14:51:11,602 | INFO | Top 10 :
   ticker  fundamental_score  revenue_growth  fcf_positive  gross_margin_last
2    ACDC                  3               0             1                  0
5    SVCO                  3               0             1                  0
11   AMLX                  3               0             1                  0
14   HCSG                  3               0             1                  0
15  LILAK                  3               0             1                  0
19   BLMN                  3               0             1                  0
20   HELE                  3               0             1                  0
23   ADAM                  3               0             1                  0
25   PERI                  3               0             1                  0
30   IART                  3               0             1                  0
2026-06-15 14:54:09,182 | INFO | ============================================================
2026-06-15 14:54:09,182 | INFO | STEP 4 - FONDAMENTAUX
2026-06-15 14:54:09,182 | INFO | ============================================================
2026-06-15 14:54:09,188 | INFO | [1/161] SENEA
2026-06-15 14:54:11,203 | INFO | [2/161] AKTS
2026-06-15 14:54:12,548 | INFO | [3/161] ACDC
2026-06-15 14:54:13,328 | INFO | [4/161] GLUE
2026-06-15 14:54:14,304 | INFO | [5/161] ASYS
2026-06-15 14:54:15,193 | INFO | [6/161] SVCO
2026-06-15 14:54:16,103 | INFO | [7/161] CMPS
2026-06-15 14:54:17,105 | INFO | [8/161] AEVA
2026-06-15 14:54:17,894 | INFO | [9/161] TYRA
2026-06-15 14:54:18,819 | INFO | [10/161] CGEM
2026-06-15 14:54:19,631 | INFO | [11/161] CDNL
2026-06-15 14:54:20,460 | INFO | [12/161] AMLX
2026-06-15 14:54:21,312 | INFO | [13/161] ABSI
2026-06-15 14:54:22,323 | INFO | [14/161] DSGN
2026-06-15 14:54:23,288 | INFO | [15/161] HCSG
2026-06-15 14:54:24,745 | INFO | [16/161] LILAK
2026-06-15 14:54:25,531 | INFO | [17/161] CAPR
2026-06-15 14:54:26,298 | INFO | [18/161] ULCC
2026-06-15 14:54:27,425 | INFO | [19/161] HLIT
2026-06-15 14:54:28,577 | INFO | [20/161] BLMN
2026-06-15 14:54:29,387 | INFO | [21/161] HELE
2026-06-15 14:54:30,243 | INFO | [22/161] KYTX
2026-06-15 14:54:31,021 | INFO | [23/161] TSHA
2026-06-15 14:54:31,855 | INFO | [24/161] ADAM
2026-06-15 14:54:32,676 | INFO | [25/161] SNDX
2026-06-15 14:54:33,603 | INFO | [26/161] PERI
2026-06-15 14:54:34,312 | INFO | [27/161] HTZ
2026-06-15 14:54:35,133 | INFO | [28/161] EZPW
2026-06-15 14:54:36,066 | INFO | [29/161] BAND
2026-06-15 14:54:36,933 | INFO | [30/161] WLTH
2026-06-15 14:54:37,690 | INFO | [31/161] IART
2026-06-15 14:54:38,601 | INFO | [32/161] HOPE
2026-06-15 14:54:39,561 | INFO | [33/161] INVA
2026-06-15 14:54:40,600 | INFO | [34/161] LMRI
2026-06-15 14:54:41,427 | INFO | [35/161] CFFN
2026-06-15 14:54:42,255 | INFO | [36/161] HBNC
2026-06-15 14:54:43,215 | INFO | [37/161] ZD
2026-06-15 14:54:44,068 | INFO | [38/161] PRAA
2026-06-15 14:54:44,885 | INFO | [39/161] OCFC
2026-06-15 14:54:45,666 | INFO | [40/161] CEVA
2026-06-15 14:54:46,481 | INFO | [41/161] STGW
2026-06-15 14:54:47,275 | INFO | [42/161] VIR
2026-06-15 14:54:48,093 | INFO | [43/161] OCSL
2026-06-15 14:54:48,885 | INFO | [44/161] AVO
2026-06-15 14:54:49,868 | INFO | [45/161] GPRE
2026-06-15 14:54:50,762 | INFO | [46/161] JBLU
2026-06-15 14:54:51,608 | INFO | [47/161] CSWC
2026-06-15 14:54:52,612 | INFO | [48/161] ADTN
2026-06-15 14:54:53,448 | INFO | [49/161] FDMT
2026-06-15 14:54:54,208 | INFO | [50/161] TRIN
2026-06-15 14:54:54,977 | INFO | [51/161] ILPT
2026-06-15 14:54:55,955 | INFO | [52/161] SVRA
2026-06-15 14:54:56,776 | INFO | [53/161] CGNT
2026-06-15 14:54:57,564 | INFO | [54/161] ZYME
2026-06-15 14:54:58,539 | INFO | [55/161] FLYW
2026-06-15 14:54:59,345 | INFO | [56/161] GSIT
2026-06-15 14:55:00,173 | INFO | [57/161] ABCL
2026-06-15 14:55:01,357 | INFO | [58/161] MRTN
2026-06-15 14:55:02,177 | INFO | [59/161] HTLD
2026-06-15 14:55:02,939 | INFO | [60/161] LYTS
2026-06-15 14:55:03,812 | INFO | [61/161] MFIC
2026-06-15 14:55:04,578 | INFO | [62/161] SLDB
2026-06-15 14:55:05,376 | INFO | [63/161] NEOG
2026-06-15 14:55:06,167 | INFO | [64/161] NVAX
2026-06-15 14:55:07,061 | INFO | [65/161] FTRE
2026-06-15 14:55:07,872 | INFO | [66/161] GILT
2026-06-15 14:55:08,656 | INFO | [67/161] ZVRA
2026-06-15 14:55:09,457 | INFO | [68/161] RXT
2026-06-15 14:55:10,327 | INFO | [69/161] GENB
2026-06-15 14:55:11,090 | INFO | [70/161] MBX
2026-06-15 14:55:11,920 | INFO | [71/161] CRSR
2026-06-15 14:55:12,748 | INFO | [72/161] LIFE
2026-06-15 14:55:13,690 | INFO | [73/161] TBN
2026-06-15 14:55:14,589 | INFO | [74/161] OEC
2026-06-15 14:55:15,587 | INFO | [75/161] NAT
2026-06-15 14:55:16,767 | INFO | [76/161] OFRM
2026-06-15 14:55:17,577 | INFO | [77/161] LAR
2026-06-15 14:55:18,633 | INFO | [78/161] WBI
2026-06-15 14:55:19,391 | INFO | [79/161] NEXA
2026-06-15 14:55:20,419 | INFO | [80/161] EPC
2026-06-15 14:55:21,237 | INFO | [81/161] DBI
2026-06-15 14:55:21,990 | INFO | [82/161] LXU
2026-06-15 14:55:22,782 | INFO | [83/161] ASC
2026-06-15 14:55:23,817 | INFO | [84/161] OXM
2026-06-15 14:55:24,635 | INFO | [85/161] TROX
2026-06-15 14:55:25,513 | INFO | [86/161] ASPN
2026-06-15 14:55:26,673 | INFO | [87/161] CRI
2026-06-15 14:55:27,857 | INFO | [88/161] BOBS
2026-06-15 14:55:28,680 | INFO | [89/161] SFL
2026-06-15 14:55:29,551 | INFO | [90/161] PEB
2026-06-15 14:55:30,306 | INFO | [91/161] MUX
2026-06-15 14:55:31,079 | INFO | [92/161] ECAT
2026-06-15 14:55:31,914 | INFO | [93/161] VIA
2026-06-15 14:55:32,733 | INFO | [94/161] NPKI
2026-06-15 14:55:33,705 | INFO | [95/161] CODI
2026-06-15 14:55:34,555 | INFO | [96/161] GSBD
2026-06-15 14:55:35,324 | INFO | [97/161] DOLE
2026-06-15 14:55:37,027 | INFO | [98/161] RES
2026-06-15 14:55:37,857 | INFO | [99/161] GBX
2026-06-15 14:55:38,676 | INFO | [100/161] AMBQ
2026-06-15 14:55:39,460 | INFO | [101/161] FCF
2026-06-15 14:55:40,294 | INFO | [102/161] SXC
2026-06-15 14:55:41,105 | INFO | [103/161] CLDT
2026-06-15 14:55:41,949 | INFO | [104/161] MFA
2026-06-15 14:55:42,864 | INFO | [105/161] RWT
2026-06-15 14:55:43,656 | INFO | [106/161] GPRK
2026-06-15 14:55:44,416 | INFO | [107/161] RQI
2026-06-15 14:55:45,247 | INFO | [108/161] ECVT
2026-06-15 14:55:46,055 | INFO | [109/161] XHR
2026-06-15 14:55:46,891 | INFO | [110/161] NTST
2026-06-15 14:55:47,714 | INFO | [111/161] TDAY
2026-06-15 14:55:48,553 | INFO | [112/161] BTX
2026-06-15 14:55:49,334 | INFO | [113/161] WKC
2026-06-15 14:55:50,199 | INFO | [114/161] AOD
2026-06-15 14:55:50,951 | INFO | [115/161] DEC
2026-06-15 14:55:51,778 | INFO | [116/161] ARCO
2026-06-15 14:55:52,678 | INFO | [117/161] MEC
2026-06-15 14:55:53,533 | INFO | [118/161] BDJ
2026-06-15 14:55:54,340 | INFO | [119/161] MD
2026-06-15 14:55:55,320 | INFO | [120/161] BCAT
2026-06-15 14:55:56,188 | INFO | [121/161] RLJ
2026-06-15 14:55:57,049 | INFO | [122/161] NMZ
2026-06-15 14:55:57,836 | INFO | [123/161] EFC
2026-06-15 14:55:58,585 | INFO | [124/161] BRSP
2026-06-15 14:55:59,498 | INFO | [125/161] CIM
2026-06-15 14:56:00,367 | INFO | [126/161] EGY
2026-06-15 14:56:01,166 | INFO | [127/161] TWO
2026-06-15 14:56:02,008 | INFO | [128/161] FLOC
2026-06-15 14:56:02,785 | INFO | [129/161] AMN
2026-06-15 14:56:03,566 | INFO | [130/161] KW
2026-06-15 14:56:04,452 | INFO | [131/161] OIS
2026-06-15 14:56:05,276 | INFO | [132/161] SNDA
2026-06-15 14:56:06,161 | INFO | [133/161] HLX
2026-06-15 14:56:07,048 | INFO | [134/161] KODK
2026-06-15 14:56:07,839 | INFO | [135/161] AGRO
2026-06-15 14:56:08,696 | INFO | [136/161] ARI
2026-06-15 14:56:09,614 | INFO | [137/161] NAC
2026-06-15 14:56:10,449 | INFO | [138/161] TTI
2026-06-15 14:56:11,286 | INFO | [139/161] JFR
2026-06-15 14:56:12,068 | INFO | [140/161] VET
2026-06-15 14:56:13,154 | INFO | [141/161] KRP
2026-06-15 14:56:14,169 | INFO | [142/161] CAL
2026-06-15 14:56:15,125 | INFO | [143/161] LEG
2026-06-15 14:56:15,968 | INFO | [144/161] IVR
2026-06-15 14:56:16,853 | INFO | [145/161] SG
2026-06-15 14:56:17,615 | INFO | [146/161] VSTS
2026-06-15 14:56:18,388 | INFO | [147/161] HLF
2026-06-15 14:56:19,300 | INFO | [148/161] ORC
2026-06-15 14:56:20,101 | INFO | [149/161] VPG
2026-06-15 14:56:20,916 | INFO | [150/161] INN
2026-06-15 14:56:21,710 | INFO | [151/161] IIPR
2026-06-15 14:56:22,578 | INFO | [152/161] BFLY
2026-06-15 14:56:23,374 | INFO | [153/161] RVI
2026-06-15 14:56:24,136 | INFO | [154/161] EVC
2026-06-15 14:56:25,000 | INFO | [155/161] GEL
2026-06-15 14:56:25,915 | INFO | [156/161] UAMY
2026-06-15 14:56:26,823 | INFO | [157/161] BNED
2026-06-15 14:56:27,625 | INFO | [158/161] SPH
2026-06-15 14:56:28,658 | INFO | [159/161] SPIR
2026-06-15 14:56:29,478 | INFO | [160/161] BKSY
2026-06-15 14:56:30,360 | INFO | [161/161] DXYZ
2026-06-15 14:56:31,158 | INFO | Fondamentaux sauvegardes : 161 tickers
2026-06-15 14:56:31,174 | INFO | Top 10 :
    ticker  fundamental_score  revenue_growth  fcf_positive  gross_margin_last
71    LIFE                  8            52.0             1               98.3
109   NTST                  8            21.0             1               89.7
93    NPKI                  7            27.4             1               36.4
114    DEC                  7           102.7             1               28.6
127   FLOC                  7            41.9             1               35.3
23    ADAM                  6            47.7             1                0.0
34    CFFN                  6            20.4             1                0.0
54    FLYW                  6            26.6             1               61.4
66    ZVRA                  6           350.9             0               84.5
95    GSBD                  6            67.9             1                0.0
