2026-06-15 14:42:31,065 | INFO | ============================================================
2026-06-15 14:42:31,065 | INFO | STEP 3 - INSIDER BUYING (EDGAR Form 4)
2026-06-15 14:42:31,065 | INFO | ============================================================
2026-06-15 14:42:31,068 | INFO | [1/161] SENEA
2026-06-15 14:42:32,225 | INFO | [2/161] AKTS
2026-06-15 14:42:33,228 | INFO | [3/161] ACDC
2026-06-15 14:42:34,242 | INFO | [4/161] GLUE
2026-06-15 14:42:37,325 | INFO | [5/161] ASYS
2026-06-15 14:42:38,447 | INFO | [6/161] SVCO
2026-06-15 14:42:39,196 | INFO | [7/161] CMPS
2026-06-15 14:42:40,498 | INFO | [8/161] AEVA
2026-06-15 14:42:41,829 | INFO | [9/161] TYRA
2026-06-15 14:42:43,151 | INFO | [10/161] CGEM
2026-06-15 14:42:44,184 | INFO | [11/161] CDNL
2026-06-15 14:42:53,019 | INFO | [12/161] AMLX
2026-06-15 14:42:54,116 | INFO | [13/161] ABSI
2026-06-15 14:42:54,930 | INFO | [14/161] DSGN
2026-06-15 14:42:55,655 | INFO | [15/161] HCSG
2026-06-15 14:42:57,703 | INFO | [16/161] LILAK
2026-06-15 14:42:58,583 | INFO | [17/161] CAPR
2026-06-15 14:42:59,647 | INFO | [18/161] ULCC
2026-06-15 14:43:00,419 | INFO | [19/161] HLIT
2026-06-15 14:43:01,085 | INFO | [20/161] BLMN
2026-06-15 14:43:01,906 | INFO | [21/161] HELE
2026-06-15 14:43:02,766 | INFO | [22/161] KYTX
2026-06-15 14:43:03,734 | INFO | [23/161] TSHA
2026-06-15 14:43:04,822 | INFO | [24/161] ADAM
2026-06-15 14:43:05,441 | INFO | [25/161] SNDX
2026-06-15 14:43:06,059 | INFO | [26/161] PERI
2026-06-15 14:43:06,669 | INFO | [27/161] HTZ
2026-06-15 14:43:07,321 | INFO | [28/161] EZPW
2026-06-15 14:43:09,143 | INFO | [29/161] BAND
2026-06-15 14:43:09,989 | INFO | [30/161] WLTH
2026-06-15 14:43:10,658 | INFO | [31/161] IART
2026-06-15 14:43:11,523 | INFO | [32/161] HOPE
2026-06-15 14:43:12,445 | INFO | [33/161] INVA
2026-06-15 14:43:16,270 | INFO | [34/161] LMRI
2026-06-15 14:43:17,275 | INFO | [35/161] CFFN
2026-06-15 14:43:18,033 | INFO | [36/161] HBNC
2026-06-15 14:43:18,901 | INFO | [37/161] ZD
2026-06-15 14:43:20,231 | INFO | [38/161] PRAA
2026-06-15 14:43:21,561 | INFO | [39/161] OCFC
2026-06-15 14:43:23,649 | INFO | [40/161] CEVA
2026-06-15 14:43:24,506 | INFO | [41/161] STGW
2026-06-15 14:43:25,555 | INFO | [42/161] VIR
2026-06-15 14:43:26,373 | INFO | [43/161] OCSL
2026-06-15 14:43:27,345 | INFO | [44/161] AVO
2026-06-15 14:43:27,958 | INFO | [45/161] GPRE
2026-06-15 14:43:28,625 | INFO | [46/161] JBLU
2026-06-15 14:43:29,334 | INFO | [47/161] CSWC
2026-06-15 14:43:32,108 | INFO | [48/161] ADTN
2026-06-15 14:43:33,034 | INFO | [49/161] FDMT
2026-06-15 14:43:34,458 | INFO | [50/161] TRIN
2026-06-15 14:43:36,864 | INFO | [51/161] ILPT
2026-06-15 14:43:37,744 | INFO | [52/161] SVRA
2026-06-15 14:43:40,118 | INFO | [53/161] CGNT
2026-06-15 14:43:40,764 | INFO | [54/161] ZYME
2026-06-15 14:43:41,629 | INFO | [55/161] FLYW
2026-06-15 14:43:42,552 | INFO | [56/161] GSIT
2026-06-15 14:43:43,218 | INFO | [57/161] ABCL
2026-06-15 14:43:44,065 | INFO | [58/161] MRTN
2026-06-15 14:43:44,853 | INFO | [59/161] HTLD
2026-06-15 14:43:45,929 | INFO | [60/161] LYTS
2026-06-15 14:43:46,687 | INFO | [61/161] MFIC
2026-06-15 14:43:48,587 | INFO | [62/161] SLDB
2026-06-15 14:43:49,268 | INFO | [63/161] NEOG
2026-06-15 14:43:51,251 | INFO | [64/161] NVAX
2026-06-15 14:43:52,176 | INFO | [65/161] FTRE
2026-06-15 14:44:02,667 | INFO | [66/161] GILT
2026-06-15 14:44:04,814 | INFO | [67/161] ZVRA
2026-06-15 14:44:05,688 | INFO | [68/161] RXT
2026-06-15 14:44:06,563 | INFO | [69/161] GENB
2026-06-15 14:44:07,531 | INFO | [70/161] MBX
2026-06-15 14:44:08,446 | INFO | [71/161] CRSR
2026-06-15 14:44:09,137 | INFO | [72/161] LIFE
2026-06-15 14:44:13,881 | INFO | [73/161] TBN
2026-06-15 14:44:15,280 | INFO | [74/161] OEC
2026-06-15 14:44:16,444 | INFO | [75/161] NAT
2026-06-15 14:44:17,613 | INFO | [76/161] OFRM
2026-06-15 14:44:18,282 | INFO | [77/161] LAR
2026-06-15 14:44:19,403 | INFO | [78/161] WBI
2026-06-15 14:44:21,250 | INFO | [79/161] NEXA
2026-06-15 14:44:22,221 | INFO | [80/161] EPC
2026-06-15 14:44:24,952 | INFO | [81/161] DBI
2026-06-15 14:44:25,807 | INFO | [82/161] LXU
2026-06-15 14:44:27,547 | INFO | [83/161] ASC
2026-06-15 14:44:28,538 | INFO | [84/161] OXM
2026-06-15 14:44:29,554 | INFO | [85/161] TROX
2026-06-15 14:44:30,472 | INFO | [86/161] ASPN
2026-06-15 14:44:31,499 | INFO | [87/161] CRI
2026-06-15 14:44:32,429 | INFO | [88/161] BOBS
2026-06-15 14:44:33,103 | INFO | [89/161] SFL
2026-06-15 14:44:34,164 | INFO | [90/161] PEB
2026-06-15 14:44:35,086 | INFO | [91/161] MUX
2026-06-15 14:44:36,955 | INFO | [92/161] ECAT
2026-06-15 14:44:37,844 | INFO | [93/161] VIA
2026-06-15 14:44:40,058 | INFO | [94/161] NPKI
2026-06-15 14:44:40,914 | INFO | [95/161] CODI
2026-06-15 14:44:41,644 | INFO | [96/161] GSBD
2026-06-15 14:44:43,370 | INFO | [97/161] DOLE
2026-06-15 14:44:43,995 | INFO | [98/161] RES
2026-06-15 14:44:44,914 | INFO | [99/161] GBX
2026-06-15 14:44:45,851 | INFO | [100/161] AMBQ
2026-06-15 14:44:46,656 | INFO | [101/161] FCF
2026-06-15 14:44:47,681 | INFO | [102/161] SXC
2026-06-15 14:44:49,477 | INFO | [103/161] CLDT
2026-06-15 14:44:50,263 | INFO | [104/161] MFA
2026-06-15 14:44:52,267 | INFO | [105/161] RWT
2026-06-15 14:44:52,914 | INFO | [106/161] GPRK
2026-06-15 14:44:53,750 | INFO | [107/161] RQI
2026-06-15 14:44:54,944 | INFO | [108/161] ECVT
2026-06-15 14:44:56,654 | INFO | [109/161] XHR
2026-06-15 14:44:57,443 | INFO | [110/161] NTST
2026-06-15 14:44:58,124 | INFO | [111/161] TDAY
2026-06-15 14:44:59,074 | INFO | [112/161] BTX
2026-06-15 14:44:59,825 | INFO | [113/161] WKC
2026-06-15 14:45:00,465 | INFO | [114/161] AOD
2026-06-15 14:45:02,144 | INFO | [115/161] DEC
2026-06-15 14:45:02,825 | INFO | [116/161] ARCO
2026-06-15 14:45:04,596 | INFO | [117/161] MEC
2026-06-15 14:45:05,265 | INFO | [118/161] BDJ
2026-06-15 14:45:06,211 | INFO | [119/161] MD
2026-06-15 14:45:07,195 | INFO | [120/161] BCAT
2026-06-15 14:45:08,100 | INFO | [121/161] RLJ
2026-06-15 14:45:08,925 | INFO | [122/161] NMZ
2026-06-15 14:45:16,278 | INFO | [123/161] EFC
2026-06-15 14:45:18,201 | INFO | [124/161] BRSP
2026-06-15 14:45:19,020 | INFO | [125/161] CIM
2026-06-15 14:45:19,890 | INFO | [126/161] EGY
2026-06-15 14:45:20,858 | INFO | [127/161] TWO
2026-06-15 14:45:21,864 | INFO | [128/161] FLOC
2026-06-15 14:45:23,450 | INFO | [129/161] AMN
2026-06-15 14:45:24,649 | INFO | [130/161] KW
2026-06-15 14:45:25,829 | INFO | [131/161] OIS
2026-06-15 14:45:26,892 | INFO | [132/161] SNDA
2026-06-15 14:45:27,966 | INFO | [133/161] HLX
2026-06-15 14:45:28,711 | INFO | [134/161] KODK
2026-06-15 14:45:29,577 | INFO | [135/161] AGRO
2026-06-15 14:45:32,635 | INFO | [136/161] ARI
2026-06-15 14:45:33,558 | INFO | [137/161] NAC
2026-06-15 14:45:38,461 | INFO | [138/161] TTI
2026-06-15 14:45:42,769 | INFO | [139/161] JFR
2026-06-15 14:45:45,743 | INFO | [140/161] VET
2026-06-15 14:45:47,278 | INFO | [141/161] KRP
2026-06-15 14:45:48,136 | INFO | [142/161] CAL
2026-06-15 14:45:49,226 | INFO | [143/161] LEG
2026-06-15 14:45:50,342 | INFO | [144/161] IVR
2026-06-15 14:45:52,158 | INFO | [145/161] SG
2026-06-15 14:46:02,705 | INFO | [146/161] VSTS
2026-06-15 14:46:05,329 | INFO | [147/161] HLF
2026-06-15 14:46:06,420 | INFO | [148/161] ORC
2026-06-15 14:46:10,422 | INFO | [149/161] VPG
2026-06-15 14:46:11,285 | INFO | [150/161] INN
2026-06-15 14:46:12,164 | INFO | [151/161] IIPR
2026-06-15 14:46:13,182 | INFO | [152/161] BFLY
2026-06-15 14:46:14,047 | INFO | [153/161] RVI
2026-06-15 14:46:14,630 | INFO | [154/161] EVC
2026-06-15 14:46:15,294 | INFO | [155/161] GEL
2026-06-15 14:46:23,426 | INFO | [156/161] UAMY
2026-06-15 14:46:24,552 | INFO | [157/161] BNED
2026-06-15 14:46:25,376 | INFO | [158/161] SPH
2026-06-15 14:46:26,271 | INFO | [159/161] SPIR
2026-06-15 14:46:26,936 | INFO | [160/161] BKSY
2026-06-15 14:46:27,609 | INFO | [161/161] DXYZ
2026-06-15 14:46:28,290 | INFO | Insider signals sauvegardes : 161 tickers
