2026-06-15 15:18:42,503 | INFO | ============================================================
2026-06-15 15:18:42,504 | INFO | STEP 7 - REDDIT SENTIMENT
2026-06-15 15:18:42,504 | INFO | ============================================================
2026-06-15 15:18:42,507 | INFO | [1/161] SENEA
2026-06-15 15:18:45,450 | INFO | [2/161] AKTS
2026-06-15 15:18:48,515 | INFO | [3/161] ACDC
2026-06-15 15:18:53,318 | INFO | [4/161] GLUE
2026-06-15 15:18:59,195 | INFO | [5/161] ASYS
2026-06-15 15:19:06,673 | INFO | [6/161] SVCO
2026-06-15 15:19:12,166 | INFO | [7/161] CMPS
2026-06-15 15:19:17,241 | INFO | [8/161] AEVA
2026-06-15 15:19:20,047 | INFO | [9/161] TYRA
2026-06-15 15:19:23,004 | INFO | [10/161] CGEM
2026-06-15 15:19:25,775 | INFO | [11/161] CDNL
2026-06-15 15:19:28,755 | INFO | [12/161] AMLX
2026-06-15 15:19:33,006 | INFO | [13/161] ABSI
2026-06-15 15:19:35,857 | INFO | [14/161] DSGN
2026-06-15 15:19:38,706 | INFO | [15/161] HCSG
2026-06-15 15:19:41,765 | INFO | [16/161] LILAK
2026-06-15 15:19:44,872 | INFO | [17/161] CAPR
2026-06-15 15:19:47,708 | INFO | [18/161] ULCC
2026-06-15 15:19:50,417 | INFO | [19/161] HLIT
2026-06-15 15:20:11,679 | INFO | [20/161] BLMN
2026-06-15 15:20:31,831 | INFO | [21/161] HELE
2026-06-15 15:20:35,507 | INFO | [22/161] KYTX
2026-06-15 15:20:57,091 | INFO | [23/161] TSHA
2026-06-15 15:21:02,862 | INFO | [24/161] ADAM
2026-06-15 15:21:43,671 | INFO | [25/161] SNDX
2026-06-15 15:22:21,633 | INFO | [26/161] PERI
2026-06-15 15:22:24,641 | INFO | [27/161] HTZ
2026-06-15 15:23:02,974 | INFO | [28/161] EZPW
2026-06-15 15:23:06,346 | INFO | [29/161] BAND
2026-06-15 15:23:46,842 | INFO | [30/161] WLTH
2026-06-15 15:24:07,488 | INFO | [31/161] IART
2026-06-15 15:24:48,245 | INFO | [32/161] HOPE
2026-06-15 15:24:54,210 | INFO | [33/161] INVA
2026-06-15 15:25:49,004 | INFO | [34/161] LMRI
2026-06-15 15:25:52,434 | INFO | [35/161] CFFN
2026-06-15 15:26:30,686 | INFO | [36/161] HBNC
2026-06-15 15:26:33,784 | INFO | [37/161] ZD
2026-06-15 15:26:54,534 | INFO | [38/161] PRAA
2026-06-15 15:27:32,084 | INFO | [39/161] OCFC
2026-06-15 15:27:53,214 | INFO | [40/161] CEVA
2026-06-15 15:28:32,361 | INFO | [41/161] STGW
2026-06-15 15:29:27,693 | INFO | [42/161] VIR
2026-06-15 15:30:05,603 | INFO | [43/161] OCSL
2026-06-15 15:30:44,187 | INFO | [44/161] AVO
2026-06-15 15:31:22,456 | INFO | [45/161] GPRE
2026-06-15 15:31:43,880 | INFO | [46/161] JBLU
2026-06-15 15:31:47,783 | INFO | [47/161] CSWC
2026-06-15 15:32:26,378 | INFO | [48/161] ADTN
2026-06-15 15:32:29,998 | INFO | [49/161] FDMT
2026-06-15 15:32:32,739 | INFO | [50/161] TRIN
2026-06-15 15:32:52,545 | INFO | [51/161] ILPT
2026-06-15 15:33:13,700 | INFO | [52/161] SVRA
2026-06-15 15:34:09,273 | INFO | [53/161] CGNT
2026-06-15 15:34:46,667 | INFO | [54/161] ZYME
2026-06-15 15:34:50,023 | INFO | [55/161] FLYW
2026-06-15 15:35:10,604 | INFO | [56/161] GSIT
2026-06-15 15:35:12,831 | INFO | [57/161] ABCL
2026-06-15 15:35:31,994 | INFO | [58/161] MRTN
2026-06-15 15:36:26,891 | INFO | [59/161] HTLD
2026-06-15 15:36:46,513 | INFO | [60/161] LYTS
2026-06-15 15:37:39,969 | INFO | [61/161] MFIC
2026-06-15 15:38:16,126 | INFO | [62/161] SLDB
2026-06-15 15:38:53,071 | INFO | [63/161] NEOG
2026-06-15 15:39:29,443 | INFO | [64/161] NVAX
2026-06-15 15:39:48,588 | INFO | [65/161] FTRE
2026-06-15 15:39:50,817 | INFO | [66/161] GILT
2026-06-15 15:39:53,059 | INFO | [67/161] ZVRA
2026-06-15 15:39:55,247 | INFO | [68/161] RXT
2026-06-15 15:39:57,481 | INFO | [69/161] GENB
2026-06-15 15:39:59,779 | INFO | [70/161] MBX
2026-06-15 15:40:01,909 | INFO | [71/161] CRSR
2026-06-15 15:40:04,060 | INFO | [72/161] LIFE
2026-06-15 15:40:06,254 | INFO | [73/161] TBN
2026-06-15 15:40:08,451 | INFO | [74/161] OEC
2026-06-15 15:40:10,644 | INFO | [75/161] NAT
2026-06-15 15:40:12,898 | INFO | [76/161] OFRM
2026-06-15 15:40:15,101 | INFO | [77/161] LAR
2026-06-15 15:40:17,513 | INFO | [78/161] WBI
2026-06-15 15:40:19,883 | INFO | [79/161] NEXA
2026-06-15 15:40:56,494 | INFO | [80/161] EPC
2026-06-15 15:41:16,016 | INFO | [81/161] DBI
2026-06-15 15:41:35,774 | INFO | [82/161] LXU
2026-06-15 15:41:38,547 | INFO | [83/161] ASC
2026-06-15 15:41:40,754 | INFO | [84/161] OXM
2026-06-15 15:42:17,635 | INFO | [85/161] TROX
2026-06-15 15:42:19,888 | INFO | [86/161] ASPN
2026-06-15 15:42:22,496 | INFO | [87/161] CRI
2026-06-15 15:42:41,884 | INFO | [88/161] BOBS
2026-06-15 15:42:43,928 | INFO | [89/161] SFL
2026-06-15 15:42:46,267 | INFO | [90/161] PEB
2026-06-15 15:43:23,606 | INFO | [91/161] MUX
2026-06-15 15:44:00,717 | INFO | [92/161] ECAT
2026-06-15 15:44:36,833 | INFO | [93/161] VIA
2026-06-15 15:45:12,847 | INFO | [94/161] NPKI
2026-06-15 15:45:32,764 | INFO | [95/161] CODI
2026-06-15 15:46:09,880 | INFO | [96/161] GSBD
2026-06-15 15:46:29,580 | INFO | [97/161] DOLE
2026-06-15 15:47:06,527 | INFO | [98/161] RES
2026-06-15 15:47:43,746 | INFO | [99/161] GBX
2026-06-15 15:48:03,489 | INFO | [100/161] AMBQ
2026-06-15 15:48:40,695 | INFO | [101/161] FCF
2026-06-15 15:49:00,173 | INFO | [102/161] SXC
2026-06-15 15:49:19,272 | INFO | [103/161] CLDT
2026-06-15 15:49:55,961 | INFO | [104/161] MFA
2026-06-15 15:49:57,704 | INFO | [105/161] RWT
2026-06-15 15:49:59,436 | INFO | [106/161] GPRK
2026-06-15 15:50:01,585 | INFO | [107/161] RQI
2026-06-15 15:50:21,253 | INFO | [108/161] ECVT
2026-06-15 15:50:41,372 | INFO | [109/161] XHR
2026-06-15 15:50:43,524 | INFO | [110/161] NTST
2026-06-15 15:51:02,638 | INFO | [111/161] TDAY
2026-06-15 15:51:21,553 | INFO | [112/161] BTX
2026-06-15 15:51:40,662 | INFO | [113/161] WKC
2026-06-15 15:52:00,306 | INFO | [114/161] AOD
2026-06-15 15:52:37,474 | INFO | [115/161] DEC
2026-06-15 15:52:39,603 | INFO | [116/161] ARCO
2026-06-15 15:53:16,529 | INFO | [117/161] MEC
2026-06-15 15:53:35,625 | INFO | [118/161] BDJ
2026-06-15 15:53:55,216 | INFO | [119/161] MD
2026-06-15 15:54:31,843 | INFO | [120/161] BCAT
2026-06-15 15:54:33,884 | INFO | [121/161] RLJ
2026-06-15 15:55:11,068 | INFO | [122/161] NMZ
2026-06-15 15:55:47,912 | INFO | [123/161] EFC
2026-06-15 15:55:49,956 | INFO | [124/161] BRSP
2026-06-15 15:56:09,780 | INFO | [125/161] CIM
2026-06-15 15:56:29,224 | INFO | [126/161] EGY
2026-06-15 15:57:23,341 | INFO | [127/161] TWO
2026-06-15 15:58:18,249 | INFO | [128/161] FLOC
2026-06-15 15:58:20,290 | INFO | [129/161] AMN
2026-06-15 15:58:39,548 | INFO | [130/161] KW
2026-06-15 15:58:41,558 | INFO | [131/161] OIS
2026-06-15 15:59:01,055 | INFO | [132/161] SNDA
2026-06-15 15:59:03,118 | INFO | [133/161] HLX
2026-06-15 15:59:05,152 | INFO | [134/161] KODK
2026-06-15 15:59:07,493 | INFO | [135/161] AGRO
2026-06-15 15:59:27,199 | INFO | [136/161] ARI
2026-06-15 15:59:46,495 | INFO | [137/161] NAC
2026-06-15 16:00:22,553 | INFO | [138/161] TTI
2026-06-15 16:00:24,652 | INFO | [139/161] JFR
2026-06-15 16:00:44,344 | INFO | [140/161] VET
2026-06-15 16:00:46,401 | INFO | [141/161] KRP
2026-06-15 16:00:48,472 | INFO | [142/161] CAL
2026-06-15 16:00:50,500 | INFO | [143/161] LEG
2026-06-15 16:00:52,529 | INFO | [144/161] IVR
2026-06-15 16:00:54,573 | INFO | [145/161] SG
2026-06-15 16:00:56,623 | INFO | [146/161] VSTS
2026-06-15 16:00:58,658 | INFO | [147/161] HLF
2026-06-15 16:01:00,846 | INFO | [148/161] ORC
2026-06-15 16:01:02,911 | INFO | [149/161] VPG
2026-06-15 16:01:05,023 | INFO | [150/161] INN
2026-06-15 16:01:07,083 | INFO | [151/161] IIPR
2026-06-15 16:01:09,268 | INFO | [152/161] BFLY
2026-06-15 16:01:11,444 | INFO | [153/161] RVI
2026-06-15 16:01:31,095 | INFO | [154/161] EVC
2026-06-15 16:01:50,570 | INFO | [155/161] GEL
2026-06-15 16:02:10,107 | INFO | [156/161] UAMY
2026-06-15 16:02:29,743 | INFO | [157/161] BNED
2026-06-15 16:03:23,806 | INFO | [158/161] SPH
2026-06-15 16:03:25,928 | INFO | [159/161] SPIR
2026-06-15 16:03:28,068 | INFO | [160/161] BKSY
2026-06-15 16:04:21,584 | INFO | [161/161] DXYZ
2026-06-15 16:04:40,990 | INFO | Reddit signals sauvegardes : 161 tickers
