2026-06-15 14:58:41,177 | INFO | ============================================================
2026-06-15 14:58:41,177 | INFO | STEP 5 - SCORING FINAL
2026-06-15 14:58:41,177 | INFO | ============================================================
2026-06-15 14:58:41,238 | INFO | TOP 20 CANDIDATS :
    ticker  final_score  technical_score  insider_score  fundamental_score  revenue_growth  flat_base  cluster_buy
71    LIFE          4.3                2              0                  8            52.0          0            0
109   NTST          4.3                2              0                  8            21.0          1            0
23    ADAM          4.2                4              0                  6            47.7          1            0
34    CFFN          4.2                4              0                  6            20.4          1            0
135    ARI          4.2                4              0                  6            39.4          1            0
93    NPKI          3.8                2              0                  7            27.4          1            0
95    GSBD          3.8                3              0                  6            67.9          1            0
138    JFR          3.8                3              0                  6           335.9          1            0
15   LILAK          3.7                4              0                  5             0.0          1            0
50    ILPT          3.7                4              0                  5             1.5          1            0
117    BDJ          3.7                4              0                  5            67.1          1            0
143    IVR          3.7                4              0                  5            50.6          1            0
114    DEC          3.5                1              0                  7           102.7          0            0
127   FLOC          3.5                1              0                  7            41.9          0            0
32    INVA          3.4                3              0                  5            14.7          1            0
56    ABCL          3.4                3              0                  5           160.6          0            0
66    ZVRA          3.4                2              0                  6           350.9          0            0
70    CRSR          3.4                3              0                  5            11.9          0            0
92     VIA          3.4                3              0                  5            28.6          0            0
107   ECVT          3.4                3              0                  5            20.9          1            0
2026-06-15 14:58:41,240 | INFO | Candidats score >= 7 : 0
