2026-06-15 15:08:32,102 | INFO | ============================================================
2026-06-15 15:08:32,102 | INFO | STEP 6 - SHORT INTEREST (Finviz)
2026-06-15 15:08:32,103 | INFO | ============================================================
2026-06-15 15:08:32,106 | INFO | [1/161] SENEA
2026-06-15 15:08:33,834 | INFO | [2/161] AKTS
2026-06-15 15:08:35,133 | INFO | [3/161] ACDC
2026-06-15 15:08:36,746 | INFO | [4/161] GLUE
2026-06-15 15:08:38,163 | INFO | [5/161] ASYS
2026-06-15 15:08:39,498 | INFO | [6/161] SVCO
2026-06-15 15:08:40,899 | INFO | [7/161] CMPS
2026-06-15 15:08:42,607 | INFO | [8/161] AEVA
2026-06-15 15:08:44,117 | INFO | [9/161] TYRA
2026-06-15 15:08:45,515 | INFO | [10/161] CGEM
2026-06-15 15:08:51,570 | INFO | [11/161] CDNL
2026-06-15 15:08:52,890 | INFO | [12/161] AMLX
2026-06-15 15:08:54,437 | INFO | [13/161] ABSI
2026-06-15 15:08:56,240 | INFO | [14/161] DSGN
2026-06-15 15:08:57,621 | INFO | [15/161] HCSG
2026-06-15 15:09:00,395 | INFO | [16/161] LILAK
2026-06-15 15:09:02,382 | INFO | [17/161] CAPR
2026-06-15 15:09:04,153 | INFO | [18/161] ULCC
2026-06-15 15:09:05,871 | INFO | [19/161] HLIT
2026-06-15 15:09:07,534 | INFO | [20/161] BLMN
2026-06-15 15:09:08,914 | INFO | [21/161] HELE
2026-06-15 15:09:11,257 | INFO | [22/161] KYTX
2026-06-15 15:09:13,087 | INFO | [23/161] TSHA
2026-06-15 15:09:14,970 | INFO | [24/161] ADAM
2026-06-15 15:09:16,700 | INFO | [25/161] SNDX
2026-06-15 15:09:18,390 | INFO | [26/161] PERI
2026-06-15 15:09:20,127 | INFO | [27/161] HTZ
2026-06-15 15:09:21,634 | INFO | [28/161] EZPW
2026-06-15 15:09:23,352 | INFO | [29/161] BAND
2026-06-15 15:09:24,832 | INFO | [30/161] WLTH
2026-06-15 15:09:26,646 | INFO | [31/161] IART
2026-06-15 15:09:28,630 | INFO | [32/161] HOPE
2026-06-15 15:09:30,918 | INFO | [33/161] INVA
2026-06-15 15:09:33,074 | INFO | [34/161] LMRI
2026-06-15 15:09:35,395 | INFO | [35/161] CFFN
2026-06-15 15:09:37,643 | INFO | [36/161] HBNC
2026-06-15 15:09:40,127 | INFO | [37/161] ZD
2026-06-15 15:09:42,698 | INFO | [38/161] PRAA
2026-06-15 15:09:45,064 | INFO | [39/161] OCFC
2026-06-15 15:09:47,302 | INFO | [40/161] CEVA
2026-06-15 15:09:50,013 | INFO | [41/161] STGW
2026-06-15 15:09:52,216 | INFO | [42/161] VIR
2026-06-15 15:09:55,011 | INFO | [43/161] OCSL
2026-06-15 15:09:57,832 | INFO | [44/161] AVO
2026-06-15 15:10:00,193 | INFO | [45/161] GPRE
2026-06-15 15:10:02,122 | INFO | [46/161] JBLU
2026-06-15 15:10:03,640 | INFO | [47/161] CSWC
2026-06-15 15:10:05,622 | INFO | [48/161] ADTN
2026-06-15 15:10:07,806 | INFO | [49/161] FDMT
2026-06-15 15:10:10,219 | INFO | [50/161] TRIN
2026-06-15 15:10:12,772 | INFO | [51/161] ILPT
2026-06-15 15:10:15,231 | INFO | [52/161] SVRA
2026-06-15 15:10:17,669 | INFO | [53/161] CGNT
2026-06-15 15:10:19,142 | INFO | [54/161] ZYME
2026-06-15 15:10:20,938 | INFO | [55/161] FLYW
2026-06-15 15:10:22,559 | INFO | [56/161] GSIT
2026-06-15 15:10:24,025 | INFO | [57/161] ABCL
2026-06-15 15:10:25,818 | INFO | [58/161] MRTN
2026-06-15 15:10:27,201 | INFO | [59/161] HTLD
2026-06-15 15:10:28,643 | INFO | [60/161] LYTS
2026-06-15 15:10:30,481 | INFO | [61/161] MFIC
2026-06-15 15:10:31,827 | INFO | [62/161] SLDB
2026-06-15 15:10:34,720 | INFO | [63/161] NEOG
2026-06-15 15:10:36,395 | INFO | [64/161] NVAX
2026-06-15 15:10:37,776 | INFO | [65/161] FTRE
2026-06-15 15:10:39,390 | INFO | [66/161] GILT
2026-06-15 15:10:40,843 | INFO | [67/161] ZVRA
2026-06-15 15:10:42,355 | INFO | [68/161] RXT
2026-06-15 15:10:43,729 | INFO | [69/161] GENB
2026-06-15 15:10:45,079 | INFO | [70/161] MBX
2026-06-15 15:10:46,442 | INFO | [71/161] CRSR
2026-06-15 15:10:48,388 | INFO | [72/161] LIFE
2026-06-15 15:10:49,879 | INFO | [73/161] TBN
2026-06-15 15:10:51,367 | INFO | [74/161] OEC
2026-06-15 15:10:52,964 | INFO | [75/161] NAT
2026-06-15 15:10:54,692 | INFO | [76/161] OFRM
2026-06-15 15:10:56,051 | INFO | [77/161] LAR
2026-06-15 15:10:57,657 | INFO | [78/161] WBI
2026-06-15 15:10:59,186 | INFO | [79/161] NEXA
2026-06-15 15:11:00,597 | INFO | [80/161] EPC
2026-06-15 15:11:02,253 | INFO | [81/161] DBI
2026-06-15 15:11:03,747 | INFO | [82/161] LXU
2026-06-15 15:11:05,663 | INFO | [83/161] ASC
2026-06-15 15:11:07,057 | INFO | [84/161] OXM
2026-06-15 15:11:08,494 | INFO | [85/161] TROX
2026-06-15 15:11:10,358 | INFO | [86/161] ASPN
2026-06-15 15:11:11,692 | INFO | [87/161] CRI
2026-06-15 15:11:13,467 | INFO | [88/161] BOBS
2026-06-15 15:11:14,906 | INFO | [89/161] SFL
2026-06-15 15:11:16,240 | INFO | [90/161] PEB
2026-06-15 15:11:18,319 | INFO | [91/161] MUX
2026-06-15 15:11:19,671 | INFO | [92/161] ECAT
2026-06-15 15:11:21,282 | INFO | [93/161] VIA
2026-06-15 15:11:22,719 | INFO | [94/161] NPKI
2026-06-15 15:11:24,237 | INFO | [95/161] CODI
2026-06-15 15:11:26,119 | INFO | [96/161] GSBD
2026-06-15 15:11:27,524 | INFO | [97/161] DOLE
2026-06-15 15:11:29,227 | INFO | [98/161] RES
2026-06-15 15:11:30,788 | INFO | [99/161] GBX
2026-06-15 15:11:32,186 | INFO | [100/161] AMBQ
2026-06-15 15:11:33,478 | INFO | [101/161] FCF
2026-06-15 15:11:35,187 | INFO | [102/161] SXC
2026-06-15 15:11:36,758 | INFO | [103/161] CLDT
2026-06-15 15:11:38,186 | INFO | [104/161] MFA
2026-06-15 15:11:41,189 | INFO | [105/161] RWT
2026-06-15 15:11:42,858 | INFO | [106/161] GPRK
2026-06-15 15:11:44,576 | INFO | [107/161] RQI
2026-06-15 15:11:45,923 | INFO | [108/161] ECVT
2026-06-15 15:11:47,758 | INFO | [109/161] XHR
2026-06-15 15:11:49,396 | INFO | [110/161] NTST
2026-06-15 15:11:50,994 | INFO | [111/161] TDAY
2026-06-15 15:11:52,543 | INFO | [112/161] BTX
2026-06-15 15:11:53,909 | INFO | [113/161] WKC
2026-06-15 15:11:55,763 | INFO | [114/161] AOD
2026-06-15 15:11:57,179 | INFO | [115/161] DEC
2026-06-15 15:11:58,999 | INFO | [116/161] ARCO
2026-06-15 15:12:00,919 | INFO | [117/161] MEC
2026-06-15 15:12:02,432 | INFO | [118/161] BDJ
2026-06-15 15:12:03,931 | INFO | [119/161] MD
2026-06-15 15:12:05,401 | INFO | [120/161] BCAT
2026-06-15 15:12:06,761 | INFO | [121/161] RLJ
2026-06-15 15:12:08,437 | INFO | [122/161] NMZ
2026-06-15 15:12:09,795 | INFO | [123/161] EFC
2026-06-15 15:12:11,343 | INFO | [124/161] BRSP
2026-06-15 15:12:13,094 | INFO | [125/161] CIM
2026-06-15 15:12:14,588 | INFO | [126/161] EGY
2026-06-15 15:12:16,522 | INFO | [127/161] TWO
2026-06-15 15:12:18,005 | INFO | [128/161] FLOC
2026-06-15 15:12:19,832 | INFO | [129/161] AMN
2026-06-15 15:12:21,340 | INFO | [130/161] KW
2026-06-15 15:12:22,752 | INFO | [131/161] OIS
2026-06-15 15:12:24,953 | INFO | [132/161] SNDA
2026-06-15 15:12:26,546 | INFO | [133/161] HLX
2026-06-15 15:12:28,697 | INFO | [134/161] KODK
2026-06-15 15:12:30,025 | INFO | [135/161] AGRO
2026-06-15 15:12:32,509 | INFO | [136/161] ARI
2026-06-15 15:12:33,881 | INFO | [137/161] NAC
2026-06-15 15:12:35,460 | INFO | [138/161] TTI
2026-06-15 15:12:37,340 | INFO | [139/161] JFR
2026-06-15 15:12:38,738 | INFO | [140/161] VET
2026-06-15 15:12:40,801 | INFO | [141/161] KRP
2026-06-15 15:12:42,259 | INFO | [142/161] CAL
2026-06-15 15:12:44,105 | INFO | [143/161] LEG
2026-06-15 15:12:45,902 | INFO | [144/161] IVR
2026-06-15 15:12:47,657 | INFO | [145/161] SG
2026-06-15 15:12:49,310 | INFO | [146/161] VSTS
2026-06-15 15:12:50,790 | INFO | [147/161] HLF
2026-06-15 15:12:52,649 | INFO | [148/161] ORC
2026-06-15 15:12:54,024 | INFO | [149/161] VPG
2026-06-15 15:12:55,893 | INFO | [150/161] INN
2026-06-15 15:12:57,296 | INFO | [151/161] IIPR
2026-06-15 15:12:58,668 | INFO | [152/161] BFLY
2026-06-15 15:13:00,508 | INFO | [153/161] RVI
2026-06-15 15:13:01,852 | INFO | [154/161] EVC
2026-06-15 15:13:03,980 | INFO | [155/161] GEL
2026-06-15 15:13:05,681 | INFO | [156/161] UAMY
2026-06-15 15:13:07,564 | INFO | [157/161] BNED
2026-06-15 15:13:09,184 | INFO | [158/161] SPH
2026-06-15 15:13:10,576 | INFO | [159/161] SPIR
2026-06-15 15:13:12,589 | INFO | [160/161] BKSY
2026-06-15 15:13:14,295 | INFO | [161/161] DXYZ
2026-06-15 15:13:16,233 | INFO | Short interest sauvegarde : 161 tickers
2026-06-15 15:13:16,249 | INFO | Top short interest :
    ticker  short_float  short_ratio  short_score
109   NTST        30.66        22.51            5
63    NVAX        29.43        10.03            5
51    SVRA        28.31        19.13            5
3     GLUE        27.22        15.72            5
17    ULCC        26.43         4.11            3
48    FDMT        26.07        16.10            5
12    ABSI        24.07         6.58            5
159   BKSY        23.83         3.38            3
83     OXM        23.18         8.59            5
45    JBLU        22.98         2.54            3
