2026-06-15 13:55:05,906 | INFO | ============================================================
2026-06-15 13:55:05,906 | INFO | STEP 1 - UNIVERS RUSSELL 2000 FILTRE
2026-06-15 13:55:05,906 | INFO | ============================================================
2026-06-15 13:55:05,907 | INFO | Telechargement Russell 2000...
2026-06-15 13:56:52,761 | INFO | ============================================================
2026-06-15 13:56:52,762 | INFO | STEP 1 - UNIVERS RUSSELL 2000 FILTRE
2026-06-15 13:56:52,763 | INFO | ============================================================
2026-06-15 13:56:52,763 | INFO | Telechargement Russell 2000...
2026-06-15 13:59:17,888 | INFO | ============================================================
2026-06-15 13:59:17,890 | INFO | STEP 1 - UNIVERS RUSSELL 2000 FILTRE
2026-06-15 13:59:17,890 | INFO | ============================================================
2026-06-15 13:59:17,890 | INFO | Telechargement Russell 2000...
2026-06-15 13:59:20,238 | INFO | Russell 2000 : 0 tickers
2026-06-15 13:59:20,996 | INFO | Filtrage via yfinance...
2026-06-15 13:59:20,997 | INFO | Apres filtrage : 0 tickers retenus
2026-06-15 13:59:20,997 | WARNING | Aucun ticker retenu
2026-06-15 14:04:54,930 | INFO | ============================================================
2026-06-15 14:04:54,930 | INFO | STEP 1 - UNIVERS SMALL CAPS FILTRE
2026-06-15 14:04:54,931 | INFO | ============================================================
2026-06-15 14:04:54,931 | INFO | Recuperation small caps via screener yfinance...
2026-06-15 14:05:00,101 | INFO | Tickers recuperes : 82
2026-06-15 14:05:00,106 | INFO | Filtrage de 82 tickers...
2026-06-15 14:05:00,107 | INFO | Batch 1/2
2026-06-15 14:05:25,730 | INFO | Batch 2/2
2026-06-15 14:05:42,185 | INFO | Apres filtrage : 16 tickers retenus
2026-06-15 14:05:42,228 | INFO | Sauvegarde OK : 16 tickers
2026-06-15 14:05:42,228 | INFO | RESULTAT FINAL : 16 tickers
2026-06-15 14:08:10,740 | INFO | ============================================================
2026-06-15 14:08:10,740 | INFO | STEP 1 - UNIVERS SMALL CAPS FILTRE
2026-06-15 14:08:10,741 | INFO | ============================================================
2026-06-15 14:08:10,741 | INFO | Recuperation small caps NASDAQ + NYSE...
2026-06-15 14:08:11,520 | ERROR | Erreur NMS offset 0 : 'NoneType' object is not subscriptable
2026-06-15 14:08:12,300 | ERROR | Erreur NYQ offset 0 : 'NoneType' object is not subscriptable
2026-06-15 14:08:12,300 | INFO | Total tickers avant filtrage : 0
2026-06-15 14:08:12,302 | ERROR | Aucun ticker recupere
2026-06-15 14:09:06,169 | INFO | ============================================================
2026-06-15 14:09:06,170 | INFO | STEP 1 - UNIVERS SMALL CAPS FILTRE
2026-06-15 14:09:06,170 | INFO | ============================================================
2026-06-15 14:09:06,171 | INFO | Recuperation tickers via yfinance screener...
2026-06-15 14:13:11,909 | INFO | ============================================================
2026-06-15 14:13:11,909 | INFO | STEP 1 - UNIVERS SMALL CAPS FILTRE
2026-06-15 14:13:11,910 | INFO | ============================================================
2026-06-15 14:13:11,910 | INFO | Recuperation tickers...
2026-06-15 14:13:11,911 | ERROR | Erreur offset 0 : 'small_cap'
2026-06-15 14:13:11,911 | INFO | Tickers pre-filtres : 0
2026-06-15 14:13:11,911 | ERROR | Aucun ticker recupere
2026-06-15 14:14:18,716 | INFO | ============================================================
2026-06-15 14:14:18,717 | INFO | STEP 1 - UNIVERS SMALL CAPS FILTRE
2026-06-15 14:14:18,717 | INFO | ============================================================
2026-06-15 14:14:18,717 | INFO | Recuperation tickers...
2026-06-15 14:14:18,718 | ERROR | Erreur offset 0 : 'SMALL_CAP_GAINERS'
2026-06-15 14:14:18,719 | INFO | Tickers pre-filtres : 0
2026-06-15 14:14:18,719 | ERROR | Aucun ticker recupere
2026-06-15 14:16:28,973 | INFO | ============================================================
2026-06-15 14:16:28,973 | INFO | STEP 1 - UNIVERS SMALL CAPS FILTRE
2026-06-15 14:16:28,974 | INFO | ============================================================
2026-06-15 14:16:28,974 | INFO | Screener OpenBB NASDAQ...
2026-06-15 14:18:04,662 | INFO | ============================================================
2026-06-15 14:18:04,663 | INFO | STEP 1 - UNIVERS SMALL CAPS FILTRE
2026-06-15 14:18:04,664 | INFO | ============================================================
2026-06-15 14:18:04,664 | INFO | Screener OpenBB...
2026-06-15 14:18:06,341 | INFO | NASDAQ : 143 tickers
2026-06-15 14:18:07,090 | INFO | NYSE : 177 tickers
2026-06-15 14:18:07,100 | INFO | Total : 320 tickers
2026-06-15 14:18:07,101 | INFO | Calcul SMA sur 320 tickers...
2026-06-15 14:18:07,102 | INFO | Batch 1/7
2026-06-15 14:18:10,583 | INFO | Batch 2/7
2026-06-15 14:18:15,468 | INFO | Batch 3/7
2026-06-15 14:18:19,061 | INFO | Batch 4/7
2026-06-15 14:18:22,460 | INFO | Batch 5/7
2026-06-15 14:18:25,679 | INFO | Batch 6/7
2026-06-15 14:18:29,288 | INFO | Batch 7/7
2026-06-15 14:18:30,505 | INFO | Apres filtre SMA : 161 tickers
2026-06-15 14:18:30,537 | INFO | Sauvegarde OK : 161 tickers
2026-06-15 14:18:30,538 | INFO | RESULTAT FINAL : 161 tickers
